Godot Engine v4.6.3.stable.official.7d41c59c4 - https://godotengine.org

---  GUT  ---
[INFO]:  using [D:/Godot/Frontier-Command/.godot-user/Godot/app_userdata/Frontier Command] for temporary output.
Godot version:  4.6.3
GUT version:  9.6.0


res://__tests__/messages/test_connection_messages.gd
* test_client_hello_round_trip
* test_server_hello_round_trip
* test_ping_round_trip
* test_pong_round_trip
* test_disconnect_round_trip_without_details
* test_disconnect_rejects_unknown_reason
6/6 passed.


res://__tests__/messages/test_move_units_message.gd
* test_move_units_round_trip
* test_move_units_default_message_is_invalid
2/2 passed.




==============================================
= Run Summary
==============================================

Totals
------
Scripts               2
Tests                 8
Passing Tests         8
Asserts              36
Time              0.45s


---- All tests passed! ----

