Godot Engine v4.6.3.stable.official.7d41c59c4 - https://godotengine.org

---  GUT  ---
[INFO]:  using [D:/Godot/Frontier-Command/.godot-user/Godot/app_userdata/Frontier Command] for temporary output.
Godot version:  4.6.3
GUT version:  9.6.0


res://__tests__/messages/test_connection_messages.gd
* test_client_hello_round_trip
* test_server_hello_round_trip
* test_ping_round_trip
* test_pong_round_trip
* test_disconnect_round_trip_without_details
* test_disconnect_rejects_unknown_reason
6/6 passed.


res://__tests__/messages/test_lobby_messages.gd
* test_match_settings_round_trip
* test_create_match_round_trip
* test_join_match_round_trip
* test_leave_match_has_empty_payload
* test_set_player_ready_round_trip
* test_set_player_ready_omits_empty_team
* test_update_match_settings_round_trip
* test_lobby_state_round_trip
* test_start_match_has_empty_payload
* test_match_started_round_trip
* test_match_started_omits_observer_player_id
* test_pause_match_has_empty_payload
* test_match_ended_round_trip
* test_invalid_lobby_messages_are_rejected
14/14 passed.


res://__tests__/messages/test_move_units_message.gd
* test_move_units_round_trip
* test_move_units_default_message_is_invalid
2/2 passed.




==============================================
= Run Summary
==============================================

Totals
------
Scripts               3
Tests                22
Passing Tests        22
Asserts              93
Time              0.436s


---- All tests passed! ----

